#-----------------------------------------------------------
# Vivado v2024.1.1 (64-bit)
# SW Build 5094488 on Fri Jun 14 08:57:50 MDT 2024
# IP Build 5091682 on Fri Jun 14 16:55:04 MDT 2024
# SharedData Build 5094118 on Fri Jun 14 01:09:43 MDT 2024
# Start of session at: Thu Sep 18 10:29:22 2025
# Process ID: 2286319
# Current directory: /FPGA_projects/Genesys2_SVD/Genesys2_SVD
# Command line: vivado Genesys2_SVD.xpr
# Log file: /FPGA_projects/Genesys2_SVD/Genesys2_SVD/vivado.log
# Journal file: /FPGA_projects/Genesys2_SVD/Genesys2_SVD/vivado.jou
# Running On        :leonardo
# Platform          :Rocky
# Operating System  :Rocky Linux release 8.10 (Green Obsidian)
# Processor Detail  :Intel(R) Xeon(R) W-2295 CPU @ 3.00GHz
# CPU Frequency     :3000.000 MHz
# CPU Physical cores:18
# CPU Logical cores :36
# Host memory       :134300 MB
# Swap memory       :4294 MB
# Total Virtual     :138594 MB
# Available Virtual :104383 MB
#-----------------------------------------------------------
start_gui
open_project Genesys2_SVD.xpr
WARNING: [Board 49-26] cannot add Board Part xilinx.com:vek280_es:part0:1.0 available at /opt/Xilinx/Vivado/2024.1/data/xhub/boards/XilinxBoardStore/boards/Xilinx/vek280/es/rev_a/1.0/board.xml as part xcve2802-vsvh1760-2lp-e-s-es1 specified in board_part file is either invalid or not available
WARNING: [Board 49-26] cannot add Board Part xilinx.com:vek280_es:part0:1.1 available at /opt/Xilinx/Vivado/2024.1/data/xhub/boards/XilinxBoardStore/boards/Xilinx/vek280/es/rev_a/1.1/board.xml as part xcve2802-vsvh1760-2lp-e-s-es1 specified in board_part file is either invalid or not available
WARNING: [Board 49-26] cannot add Board Part xilinx.com:vek280_es_revb:part0:1.0 available at /opt/Xilinx/Vivado/2024.1/data/xhub/boards/XilinxBoardStore/boards/Xilinx/vek280/es/rev_b/1.0/board.xml as part xcve2802-vsvh1760-2mp-e-s-es1 specified in board_part file is either invalid or not available
WARNING: [Board 49-26] cannot add Board Part xilinx.com:vek280_es_revb:part0:1.1 available at /opt/Xilinx/Vivado/2024.1/data/xhub/boards/XilinxBoardStore/boards/Xilinx/vek280/es/rev_b/1.1/board.xml as part xcve2802-vsvh1760-2mp-e-s-es1 specified in board_part file is either invalid or not available
WARNING: [Board 49-26] cannot add Board Part xilinx.com:vhk158_es:part0:1.0 available at /opt/Xilinx/Vivado/2024.1/data/xhub/boards/XilinxBoardStore/boards/Xilinx/vhk158/es/1.0/board.xml as part xcvh1582-vsva3697-2mp-e-s-es1 specified in board_part file is either invalid or not available
WARNING: [Board 49-26] cannot add Board Part xilinx.com:vhk158_es:part0:1.1 available at /opt/Xilinx/Vivado/2024.1/data/xhub/boards/XilinxBoardStore/boards/Xilinx/vhk158/es/1.1/board.xml as part xcvh1582-vsva3697-2mp-e-s-es1 specified in board_part file is either invalid or not available
WARNING: [Board 49-26] cannot add Board Part xilinx.com:zcu208ld:part0:2.0 available at /opt/Xilinx/Vivado/2024.1/data/xhub/boards/XilinxBoardStore/boards/Xilinx/zcu208ld/production/2.0/board.xml as part xczu58dr-fsvg1517-2-i specified in board_part file is either invalid or not available
WARNING: [Board 49-26] cannot add Board Part xilinx.com:zcu216ld:part0:2.0 available at /opt/Xilinx/Vivado/2024.1/data/xhub/boards/XilinxBoardStore/boards/Xilinx/zcu216ld/production/2.0/board.xml as part xczu59dr-ffvf1760-2-i specified in board_part file is either invalid or not available
WARNING: [Board 49-26] cannot add Board Part xilinx.com:zcu670ld:part0:1.0 available at /opt/Xilinx/Vivado/2024.1/data/xhub/boards/XilinxBoardStore/boards/Xilinx/zcu670ld/1.0/board.xml as part xczu57dr-fsve1156-2-i specified in board_part file is either invalid or not available
Scanning sources...
Finished scanning sources
INFO: [IP_Flow 19-234] Refreshing IP repositories
INFO: [IP_Flow 19-1704] No user IP repositories specified
INFO: [IP_Flow 19-2313] Loaded Vivado IP repository '/opt/Xilinx/Vivado/2024.1/data/ip'.
WARNING: [IP_Flow 19-11772] Failed to register IP shared directory path '/FPGA_projects/Genesys2_SVD/Genesys2_SVD/kc705_gmii.gen/sources_1/ip/mac_fifo_axi4/' for IP 'mac_fifo_axi4'.
WARNING: [IP_Flow 19-11772] Failed to register IP shared directory path '/FPGA_projects/Genesys2_SVD/Genesys2_SVD/genesys2.gen/sources_1/ip/temac_gbe_v9_0_rgmii/' for IP 'temac_gbe_v9_0_rgmii'.
WARNING: [IP_Flow 19-2162] IP 'temac_gbe_v9_0_rgmii' is locked:
* IP definition 'Tri Mode Ethernet MAC (9.0)' for IP 'temac_gbe_v9_0_rgmii' (customized with software release 2024.1) has a different revision in the IP Catalog.
WARNING: [IP_Flow 19-5178] IP temac_gbe_v9_0_rgmii will not be generated with lower license level. If you would like to generate with the current available license levels, please reset and regenerate.
open_project: Time (s): cpu = 00:00:18 ; elapsed = 00:00:08 . Memory (MB): peak = 8539.582 ; gain = 582.168 ; free physical = 59048 ; free virtual = 98447
WARNING: [IP_Flow 19-4067] Ignoring invalid widget type specified checkbox.Providing a default widget
WARNING: [IP_Flow 19-4067] Ignoring invalid widget type specified checkbox.Providing a default widget
exit
INFO: [Common 17-206] Exiting Vivado at Thu Sep 18 10:57:19 2025...
